// Bun Snapshot v1, https://goo.gl/fbAQLP

exports[`renders simple footer 1`] = `
"
  <footer class="simpleFooter">
    <div class="simpleFooterContent contentContainer">
      <div class="footerLinkList">
        
    <a
      is="lenke-med-sporing"
      role=""
      href="/no/nav-og-samfunn/om-nav/personvern-i-arbeids-og-velferdsetaten"
      id=""
      tabindex=""
      lang=""
      data-analytics-event-args='{"category":"dekorator-footer","action":"kontakt//no/nav-og-samfunn/om-nav/personvern-i-arbeids-og-velferdsetaten","label":"/no/nav-og-samfunn/om-nav/personvern-i-arbeids-og-velferdsetaten"}'
      data-class-name-override="_footerLink_yutxt_19"
      data-container-class-name=""
      data-class-name=""
      data-extra-attrs='undefined'
      
      data-default-style="true"
    >
    Personvern og informasjonskapsler
    </a>
  
    <a
      is="lenke-med-sporing"
      role=""
      href="/tilgjengelighet"
      id=""
      tabindex=""
      lang=""
      data-analytics-event-args='{"category":"dekorator-footer","action":"kontakt//tilgjengelighet","label":"/tilgjengelighet"}'
      data-class-name-override="_footerLink_yutxt_19"
      data-container-class-name=""
      data-class-name=""
      data-extra-attrs='undefined'
      
      data-default-style="true"
    >
    Tilgjengelighet
    </a>
  
      </div>
      <button type="button" class="screenshareButton">
    Del skjerm med veileder
    <svg
      width="1em"
      height="1em"
      viewBox="0 0 24 24"
      fill="none"
      xmlns="http://www.w3.org/2000/svg"
      focusable="false"
      role="img"
    >
      <path
        fill-rule="evenodd"
        clip-rule="evenodd"
        d="M2.25 4.5c0-.69.56-1.25 1.25-1.25h17c.69 0 1.25.56 1.25 1.25v11c0 .69-.56 1.25-1.25 1.25h-7.75v2.5H19a.75.75 0 0 1 0 1.5H6a.75.75 0 0 1 0-1.5h5.25v-2.5H3.5c-.69 0-1.25-.56-1.25-1.25v-11Zm1.5.25v10.5h16.5V4.75H3.75Z"
        fill="currentColor"
      ></path>
    </svg>
  </button>
    </div>
  </footer>
"
`;
