// Bun Snapshot v1, https://goo.gl/fbAQLP

exports[`CSP headers match snapshot 1`] = `Promise {}`;
